# serializer version: 1
# name: test_api[daily_forecast]
  list([
    dict({
      'bui': 49.4,
      'dc': 339.8,
      'dmc': 30.2,
      'ffmc': 88.1,
      'forestdry': 4.0,
      'fwi': 20.9,
      'fwiindex': 4.0,
      'glirr': None,
      'grassfire': 2.0,
      'humidity': 40,
      'isi': 9.2,
      'precipitation_acc': 0.0,
      'rn': 0.1,
      'temperature': 17.8,
      'valid_time': datetime.datetime(2025, 6, 9, 12, 0, tzinfo=datetime.timezone.utc),
      'wind_direction': 276,
      'wind_speed': 5.7,
    }),
    dict({
      'bui': 44.4,
      'dc': 346.0,
      'dmc': 26.5,
      'ffmc': 69.5,
      'forestdry': 3.0,
      'fwi': 2.1,
      'fwiindex': 1.0,
      'glirr': None,
      'grassfire': 2.0,
      'humidity': 60,
      'isi': 0.9,
      'precipitation_acc': 2.6,
      'rn': 0.0,
      'temperature': 15.6,
      'valid_time': datetime.datetime(2025, 6, 10, 12, 0, tzinfo=datetime.timezone.utc),
      'wind_direction': 227,
      'wind_speed': 1.9,
    }),
    dict({
      'bui': 48.2,
      'dc': 352.7,
      'dmc': 29.1,
      'ffmc': 82.5,
      'forestdry': 4.0,
      'fwi': 7.8,
      'fwiindex': 2.0,
      'glirr': None,
      'grassfire': 2.0,
      'humidity': 48,
      'isi': 2.7,
      'precipitation_acc': 0.0,
      'rn': 0.1,
      'temperature': 18.0,
      'valid_time': datetime.datetime(2025, 6, 11, 12, 0, tzinfo=datetime.timezone.utc),
      'wind_direction': 297,
      'wind_speed': 3.2,
    }),
    dict({
      'bui': 52.9,
      'dc': 359.8,
      'dmc': 32.4,
      'ffmc': 87.5,
      'forestdry': 4.0,
      'fwi': 11.8,
      'fwiindex': 3.0,
      'glirr': None,
      'grassfire': 2.0,
      'humidity': 41,
      'isi': 4.2,
      'precipitation_acc': 0.0,
      'rn': 0.0,
      'temperature': 20.5,
      'valid_time': datetime.datetime(2025, 6, 12, 12, 0, tzinfo=datetime.timezone.utc),
      'wind_direction': 228,
      'wind_speed': 1.8,
    }),
    dict({
      'bui': 57.6,
      'dc': 367.2,
      'dmc': 35.8,
      'ffmc': 88.4,
      'forestdry': 4.0,
      'fwi': 16.7,
      'fwiindex': 3.0,
      'glirr': None,
      'grassfire': 2.0,
      'humidity': 45,
      'isi': 6.1,
      'precipitation_acc': 0.0,
      'rn': 0.1,
      'temperature': 22.5,
      'valid_time': datetime.datetime(2025, 6, 13, 12, 0, tzinfo=datetime.timezone.utc),
      'wind_direction': 215,
      'wind_speed': 3.2,
    }),
  ])
# ---
# name: test_api[hourly_forecast]
  list([
    dict({
      'bui': 45.2,
      'dc': 333.2,
      'dmc': 27.2,
      'ffmc': 65.8,
      'forestdry': None,
      'fwi': 1.5,
      'fwiindex': 1.0,
      'glirr': 0.0,
      'grassfire': 2.0,
      'humidity': 94,
      'isi': 0.7,
      'precipitation_acc': 0.1,
      'rn': 0.0,
      'temperature': 10.8,
      'valid_time': datetime.datetime(2025, 6, 9, 0, 0, tzinfo=datetime.timezone.utc),
      'wind_direction': 232,
      'wind_speed': 1.6,
    }),
    dict({
      'bui': 45.2,
      'dc': 333.2,
      'dmc': 27.2,
      'ffmc': 66.2,
      'forestdry': None,
      'fwi': 2.0,
      'fwiindex': 1.0,
      'glirr': 0.0,
      'grassfire': 2.0,
      'humidity': 91,
      'isi': 0.8,
      'precipitation_acc': 0.0,
      'rn': 0.0,
      'temperature': 10.4,
      'valid_time': datetime.datetime(2025, 6, 9, 1, 0, tzinfo=datetime.timezone.utc),
      'wind_direction': 271,
      'wind_speed': 2.3,
    }),
    dict({
      'bui': 45.2,
      'dc': 333.2,
      'dmc': 27.2,
      'ffmc': 66.7,
      'forestdry': None,
      'fwi': 2.0,
      'fwiindex': 1.0,
      'glirr': 0.0,
      'grassfire': 2.0,
      'humidity': 88,
      'isi': 0.8,
      'precipitation_acc': 0.0,
      'rn': 0.0,
      'temperature': 10.1,
      'valid_time': datetime.datetime(2025, 6, 9, 2, 0, tzinfo=datetime.timezone.utc),
      'wind_direction': 269,
      'wind_speed': 2.2,
    }),
    dict({
      'bui': 45.2,
      'dc': 333.2,
      'dmc': 27.2,
      'ffmc': 67.2,
      'forestdry': None,
      'fwi': 2.4,
      'fwiindex': 1.0,
      'glirr': 27.8,
      'grassfire': 2.0,
      'humidity': 88,
      'isi': 1.0,
      'precipitation_acc': 0.0,
      'rn': 0.0,
      'temperature': 10.4,
      'valid_time': datetime.datetime(2025, 6, 9, 3, 0, tzinfo=datetime.timezone.utc),
      'wind_direction': 261,
      'wind_speed': 2.8,
    }),
    dict({
      'bui': 45.2,
      'dc': 333.2,
      'dmc': 27.2,
      'ffmc': 67.9,
      'forestdry': None,
      'fwi': 2.8,
      'fwiindex': 1.0,
      'glirr': 113.1,
      'grassfire': 2.0,
      'humidity': 84,
      'isi': 1.1,
      'precipitation_acc': 0.0,
      'rn': 0.0,
      'temperature': 11.2,
      'valid_time': datetime.datetime(2025, 6, 9, 4, 0, tzinfo=datetime.timezone.utc),
      'wind_direction': 276,
      'wind_speed': 3.3,
    }),
    dict({
      'bui': 45.2,
      'dc': 333.2,
      'dmc': 27.2,
      'ffmc': 68.8,
      'forestdry': None,
      'fwi': 2.9,
      'fwiindex': 1.0,
      'glirr': 226.4,
      'grassfire': 2.0,
      'humidity': 78,
      'isi': 1.1,
      'precipitation_acc': 0.0,
      'rn': 0.0,
      'temperature': 12.2,
      'valid_time': datetime.datetime(2025, 6, 9, 5, 0, tzinfo=datetime.timezone.utc),
      'wind_direction': 284,
      'wind_speed': 3.3,
    }),
    dict({
      'bui': 45.2,
      'dc': 333.2,
      'dmc': 27.2,
      'ffmc': 70.0,
      'forestdry': None,
      'fwi': 3.2,
      'fwiindex': 1.0,
      'glirr': 355.7,
      'grassfire': 2.0,
      'humidity': 70,
      'isi': 1.2,
      'precipitation_acc': 0.0,
      'rn': 0.0,
      'temperature': 13.8,
      'valid_time': datetime.datetime(2025, 6, 9, 6, 0, tzinfo=datetime.timezone.utc),
      'wind_direction': 282,
      'wind_speed': 3.5,
    }),
    dict({
      'bui': 45.2,
      'dc': 333.2,
      'dmc': 27.2,
      'ffmc': 71.7,
      'forestdry': None,
      'fwi': 3.5,
      'fwiindex': 1.0,
      'glirr': 490.9,
      'grassfire': 2.0,
      'humidity': 60,
      'isi': 1.3,
      'precipitation_acc': 0.0,
      'rn': 0.0,
      'temperature': 15.6,
      'valid_time': datetime.datetime(2025, 6, 9, 7, 0, tzinfo=datetime.timezone.utc),
      'wind_direction': 281,
      'wind_speed': 3.6,
    }),
    dict({
      'bui': 45.2,
      'dc': 333.2,
      'dmc': 27.2,
      'ffmc': 73.8,
      'forestdry': None,
      'fwi': 4.5,
      'fwiindex': 1.0,
      'glirr': 618.6,
      'grassfire': 2.0,
      'humidity': 46,
      'isi': 1.6,
      'precipitation_acc': 0.0,
      'rn': 0.1,
      'temperature': 17.1,
      'valid_time': datetime.datetime(2025, 6, 9, 8, 0, tzinfo=datetime.timezone.utc),
      'wind_direction': 280,
      'wind_speed': 4.5,
    }),
    dict({
      'bui': 45.2,
      'dc': 333.2,
      'dmc': 27.2,
      'ffmc': 80.6,
      'forestdry': None,
      'fwi': 8.8,
      'fwiindex': 2.0,
      'glirr': 703.8,
      'grassfire': 2.0,
      'humidity': 49,
      'isi': 3.3,
      'precipitation_acc': 0.0,
      'rn': 0.1,
      'temperature': 17.4,
      'valid_time': datetime.datetime(2025, 6, 9, 9, 0, tzinfo=datetime.timezone.utc),
      'wind_direction': 284,
      'wind_speed': 5.4,
    }),
    dict({
      'bui': 45.2,
      'dc': 333.2,
      'dmc': 27.2,
      'ffmc': 82.4,
      'forestdry': None,
      'fwi': 10.5,
      'fwiindex': 2.0,
      'glirr': 612.5,
      'grassfire': 2.0,
      'humidity': 47,
      'isi': 4.0,
      'precipitation_acc': 0.0,
      'rn': 0.1,
      'temperature': 18.0,
      'valid_time': datetime.datetime(2025, 6, 9, 10, 0, tzinfo=datetime.timezone.utc),
      'wind_direction': 278,
      'wind_speed': 5.5,
    }),
    dict({
      'bui': 45.2,
      'dc': 333.2,
      'dmc': 27.2,
      'ffmc': 84.1,
      'forestdry': None,
      'fwi': 12.4,
      'fwiindex': 3.0,
      'glirr': 775.2,
      'grassfire': 2.0,
      'humidity': 42,
      'isi': 4.9,
      'precipitation_acc': 0.0,
      'rn': 0.1,
      'temperature': 18.5,
      'valid_time': datetime.datetime(2025, 6, 9, 11, 0, tzinfo=datetime.timezone.utc),
      'wind_direction': 279,
      'wind_speed': 5.3,
    }),
    dict({
      'bui': 49.4,
      'dc': 339.8,
      'dmc': 30.2,
      'ffmc': 85.6,
      'forestdry': None,
      'fwi': 16.2,
      'fwiindex': 3.0,
      'glirr': 715.2,
      'grassfire': 2.0,
      'humidity': 41,
      'isi': 6.5,
      'precipitation_acc': 0.0,
      'rn': 0.1,
      'temperature': 17.6,
      'valid_time': datetime.datetime(2025, 6, 9, 12, 0, tzinfo=datetime.timezone.utc),
      'wind_direction': 284,
      'wind_speed': 5.8,
    }),
    dict({
      'bui': 49.4,
      'dc': 339.8,
      'dmc': 30.2,
      'ffmc': 86.9,
      'forestdry': None,
      'fwi': 20.3,
      'fwiindex': 4.0,
      'glirr': 687.2,
      'grassfire': 2.0,
      'humidity': 40,
      'isi': 8.9,
      'precipitation_acc': 0.0,
      'rn': 0.2,
      'temperature': 17.8,
      'valid_time': datetime.datetime(2025, 6, 9, 13, 0, tzinfo=datetime.timezone.utc),
      'wind_direction': 278,
      'wind_speed': 6.4,
    }),
    dict({
      'bui': 49.4,
      'dc': 339.8,
      'dmc': 30.2,
      'ffmc': 88.2,
      'forestdry': None,
      'fwi': 23.2,
      'fwiindex': 5.0,
      'glirr': 616.0,
      'grassfire': 2.0,
      'humidity': 34,
      'isi': 10.7,
      'precipitation_acc': 0.0,
      'rn': 0.2,
      'temperature': 17.2,
      'valid_time': datetime.datetime(2025, 6, 9, 14, 0, tzinfo=datetime.timezone.utc),
      'wind_direction': 277,
      'wind_speed': 6.5,
    }),
    dict({
      'bui': 49.4,
      'dc': 339.8,
      'dmc': 30.2,
      'ffmc': 89.5,
      'forestdry': None,
      'fwi': 25.5,
      'fwiindex': 5.0,
      'glirr': 497.2,
      'grassfire': 2.0,
      'humidity': 29,
      'isi': 12.3,
      'precipitation_acc': 0.0,
      'rn': 0.1,
      'temperature': 17.3,
      'valid_time': datetime.datetime(2025, 6, 9, 15, 0, tzinfo=datetime.timezone.utc),
      'wind_direction': 276,
      'wind_speed': 6.2,
    }),
    dict({
      'bui': 49.4,
      'dc': 339.8,
      'dmc': 30.2,
      'ffmc': 90.5,
      'forestdry': None,
      'fwi': 28.2,
      'fwiindex': 6.0,
      'glirr': 434.3,
      'grassfire': 2.0,
      'humidity': 30,
      'isi': 14.2,
      'precipitation_acc': 0.0,
      'rn': 0.1,
      'temperature': 16.7,
      'valid_time': datetime.datetime(2025, 6, 9, 16, 0, tzinfo=datetime.timezone.utc),
      'wind_direction': 278,
      'wind_speed': 6.2,
    }),
    dict({
      'bui': 49.4,
      'dc': 339.8,
      'dmc': 30.2,
      'ffmc': 91.2,
      'forestdry': None,
      'fwi': 28.6,
      'fwiindex': 6.0,
      'glirr': 351.8,
      'grassfire': 2.0,
      'humidity': 33,
      'isi': 14.5,
      'precipitation_acc': 0.0,
      'rn': 0.1,
      'temperature': 15.9,
      'valid_time': datetime.datetime(2025, 6, 9, 17, 0, tzinfo=datetime.timezone.utc),
      'wind_direction': 278,
      'wind_speed': 5.8,
    }),
    dict({
      'bui': 49.4,
      'dc': 339.8,
      'dmc': 30.2,
      'ffmc': 91.5,
      'forestdry': None,
      'fwi': 31.4,
      'fwiindex': 6.0,
      'glirr': 198.0,
      'grassfire': 2.0,
      'humidity': 39,
      'isi': 16.6,
      'precipitation_acc': 0.0,
      'rn': 0.1,
      'temperature': 15.0,
      'valid_time': datetime.datetime(2025, 6, 9, 18, 0, tzinfo=datetime.timezone.utc),
      'wind_direction': 275,
      'wind_speed': 6.3,
    }),
    dict({
      'bui': 49.4,
      'dc': 339.8,
      'dmc': 30.2,
      'ffmc': 91.7,
      'forestdry': None,
      'fwi': 28.8,
      'fwiindex': 6.0,
      'glirr': 70.6,
      'grassfire': 2.0,
      'humidity': 41,
      'isi': 14.6,
      'precipitation_acc': 0.0,
      'rn': 0.1,
      'temperature': 14.5,
      'valid_time': datetime.datetime(2025, 6, 9, 19, 0, tzinfo=datetime.timezone.utc),
      'wind_direction': 302,
      'wind_speed': 5.4,
    }),
    dict({
      'bui': 49.4,
      'dc': 339.8,
      'dmc': 30.2,
      'ffmc': 91.7,
      'forestdry': None,
      'fwi': 20.2,
      'fwiindex': 4.0,
      'glirr': 9.2,
      'grassfire': 2.0,
      'humidity': 53,
      'isi': 8.8,
      'precipitation_acc': 0.0,
      'rn': 0.0,
      'temperature': 13.4,
      'valid_time': datetime.datetime(2025, 6, 9, 20, 0, tzinfo=datetime.timezone.utc),
      'wind_direction': 240,
      'wind_speed': 2.6,
    }),
    dict({
      'bui': 49.4,
      'dc': 339.8,
      'dmc': 30.2,
      'ffmc': 91.7,
      'forestdry': None,
      'fwi': 22.0,
      'fwiindex': 5.0,
      'glirr': 0.0,
      'grassfire': 2.0,
      'humidity': 53,
      'isi': 9.9,
      'precipitation_acc': 0.0,
      'rn': 0.0,
      'temperature': 12.5,
      'valid_time': datetime.datetime(2025, 6, 9, 21, 0, tzinfo=datetime.timezone.utc),
      'wind_direction': 260,
      'wind_speed': 3.3,
    }),
    dict({
      'bui': 49.4,
      'dc': 339.8,
      'dmc': 30.2,
      'ffmc': 91.6,
      'forestdry': None,
      'fwi': 24.5,
      'fwiindex': 5.0,
      'glirr': 0.2,
      'grassfire': 2.0,
      'humidity': 62,
      'isi': 11.6,
      'precipitation_acc': 0.0,
      'rn': 0.1,
      'temperature': 11.9,
      'valid_time': datetime.datetime(2025, 6, 9, 22, 0, tzinfo=datetime.timezone.utc),
      'wind_direction': 257,
      'wind_speed': 4.2,
    }),
    dict({
      'bui': 49.4,
      'dc': 339.8,
      'dmc': 30.2,
      'ffmc': 91.3,
      'forestdry': None,
      'fwi': 25.0,
      'fwiindex': 5.0,
      'glirr': 0.0,
      'grassfire': 2.0,
      'humidity': 67,
      'isi': 11.9,
      'precipitation_acc': 0.0,
      'rn': 0.0,
      'temperature': 11.0,
      'valid_time': datetime.datetime(2025, 6, 9, 23, 0, tzinfo=datetime.timezone.utc),
      'wind_direction': 252,
      'wind_speed': 4.6,
    }),
    dict({
      'bui': 49.4,
      'dc': 339.8,
      'dmc': 30.2,
      'ffmc': 91.0,
      'forestdry': None,
      'fwi': 24.4,
      'fwiindex': 5.0,
      'glirr': 0.2,
      'grassfire': 2.0,
      'humidity': 72,
      'isi': 11.5,
      'precipitation_acc': 0.0,
      'rn': 0.0,
      'temperature': 10.3,
      'valid_time': datetime.datetime(2025, 6, 10, 0, 0, tzinfo=datetime.timezone.utc),
      'wind_direction': 248,
      'wind_speed': 4.7,
    }),
    dict({
      'bui': 49.4,
      'dc': 339.8,
      'dmc': 30.2,
      'ffmc': 90.5,
      'forestdry': None,
      'fwi': 20.2,
      'fwiindex': 4.0,
      'glirr': 0.0,
      'grassfire': 2.0,
      'humidity': 78,
      'isi': 8.8,
      'precipitation_acc': 0.0,
      'rn': 0.0,
      'temperature': 9.9,
      'valid_time': datetime.datetime(2025, 6, 10, 1, 0, tzinfo=datetime.timezone.utc),
      'wind_direction': 251,
      'wind_speed': 3.6,
    }),
    dict({
      'bui': 49.4,
      'dc': 339.8,
      'dmc': 30.2,
      'ffmc': 90.0,
      'forestdry': None,
      'fwi': 18.2,
      'fwiindex': 4.0,
      'glirr': 0.0,
      'grassfire': 2.0,
      'humidity': 81,
      'isi': 7.6,
      'precipitation_acc': 0.0,
      'rn': 0.0,
      'temperature': 10.0,
      'valid_time': datetime.datetime(2025, 6, 10, 2, 0, tzinfo=datetime.timezone.utc),
      'wind_direction': 255,
      'wind_speed': 3.2,
    }),
    dict({
      'bui': 49.4,
      'dc': 339.8,
      'dmc': 30.2,
      'ffmc': 89.6,
      'forestdry': None,
      'fwi': 17.3,
      'fwiindex': 4.0,
      'glirr': 26.5,
      'grassfire': 2.0,
      'humidity': 78,
      'isi': 7.2,
      'precipitation_acc': 0.0,
      'rn': 0.0,
      'temperature': 10.7,
      'valid_time': datetime.datetime(2025, 6, 10, 3, 0, tzinfo=datetime.timezone.utc),
      'wind_direction': 255,
      'wind_speed': 3.1,
    }),
    dict({
      'bui': 49.4,
      'dc': 339.8,
      'dmc': 30.2,
      'ffmc': 89.5,
      'forestdry': None,
      'fwi': 16.8,
      'fwiindex': 3.0,
      'glirr': 87.4,
      'grassfire': 2.0,
      'humidity': 73,
      'isi': 6.9,
      'precipitation_acc': 0.0,
      'rn': 0.0,
      'temperature': 11.8,
      'valid_time': datetime.datetime(2025, 6, 10, 4, 0, tzinfo=datetime.timezone.utc),
      'wind_direction': 255,
      'wind_speed': 3.0,
    }),
    dict({
      'bui': 49.4,
      'dc': 339.8,
      'dmc': 30.2,
      'ffmc': 89.5,
      'forestdry': None,
      'fwi': 15.7,
      'fwiindex': 3.0,
      'glirr': 176.0,
      'grassfire': 2.0,
      'humidity': 68,
      'isi': 6.3,
      'precipitation_acc': 0.0,
      'rn': 0.0,
      'temperature': 12.8,
      'valid_time': datetime.datetime(2025, 6, 10, 5, 0, tzinfo=datetime.timezone.utc),
      'wind_direction': 253,
      'wind_speed': 2.5,
    }),
    dict({
      'bui': 49.4,
      'dc': 339.8,
      'dmc': 30.2,
      'ffmc': 89.5,
      'forestdry': None,
      'fwi': 14.9,
      'fwiindex': 3.0,
      'glirr': 258.7,
      'grassfire': 2.0,
      'humidity': 61,
      'isi': 5.9,
      'precipitation_acc': 0.0,
      'rn': 0.0,
      'temperature': 13.5,
      'valid_time': datetime.datetime(2025, 6, 10, 6, 0, tzinfo=datetime.timezone.utc),
      'wind_direction': 250,
      'wind_speed': 2.1,
    }),
    dict({
      'bui': 49.4,
      'dc': 339.8,
      'dmc': 30.2,
      'ffmc': 88.1,
      'forestdry': None,
      'fwi': 12.5,
      'fwiindex': 3.0,
      'glirr': 353.2,
      'grassfire': 2.0,
      'humidity': 57,
      'isi': 4.7,
      'precipitation_acc': 0.1,
      'rn': 0.0,
      'temperature': 14.3,
      'valid_time': datetime.datetime(2025, 6, 10, 7, 0, tzinfo=datetime.timezone.utc),
      'wind_direction': 242,
      'wind_speed': 2.0,
    }),
    dict({
      'bui': 49.4,
      'dc': 339.8,
      'dmc': 30.2,
      'ffmc': 84.9,
      'forestdry': None,
      'fwi': 10.8,
      'fwiindex': 2.0,
      'glirr': 379.5,
      'grassfire': 2.0,
      'humidity': 65,
      'isi': 3.9,
      'precipitation_acc': 0.2,
      'rn': 0.0,
      'temperature': 14.3,
      'valid_time': datetime.datetime(2025, 6, 10, 8, 0, tzinfo=datetime.timezone.utc),
      'wind_direction': 226,
      'wind_speed': 3.4,
    }),
    dict({
      'bui': 49.4,
      'dc': 339.8,
      'dmc': 30.2,
      'ffmc': 73.7,
      'forestdry': None,
      'fwi': 2.7,
      'fwiindex': 1.0,
      'glirr': 135.8,
      'grassfire': 2.0,
      'humidity': 74,
      'isi': 1.0,
      'precipitation_acc': 0.3,
      'rn': 0.0,
      'temperature': 14.5,
      'valid_time': datetime.datetime(2025, 6, 10, 9, 0, tzinfo=datetime.timezone.utc),
      'wind_direction': 231,
      'wind_speed': 1.6,
    }),
    dict({
      'bui': 49.4,
      'dc': 339.8,
      'dmc': 30.2,
      'ffmc': 69.0,
      'forestdry': None,
      'fwi': 2.5,
      'fwiindex': 1.0,
      'glirr': 182.6,
      'grassfire': 2.0,
      'humidity': 75,
      'isi': 0.9,
      'precipitation_acc': 0.3,
      'rn': 0.0,
      'temperature': 14.5,
      'valid_time': datetime.datetime(2025, 6, 10, 10, 0, tzinfo=datetime.timezone.utc),
      'wind_direction': 154,
      'wind_speed': 2.3,
    }),
    dict({
      'bui': 49.4,
      'dc': 339.8,
      'dmc': 30.2,
      'ffmc': 66.4,
      'forestdry': None,
      'fwi': 2.1,
      'fwiindex': 1.0,
      'glirr': 141.7,
      'grassfire': 2.0,
      'humidity': 71,
      'isi': 0.8,
      'precipitation_acc': 0.2,
      'rn': 0.0,
      'temperature': 15.4,
      'valid_time': datetime.datetime(2025, 6, 10, 11, 0, tzinfo=datetime.timezone.utc),
      'wind_direction': 155,
      'wind_speed': 2.1,
    }),
    dict({
      'bui': 44.4,
      'dc': 346.0,
      'dmc': 26.5,
      'ffmc': 66.3,
      'forestdry': None,
      'fwi': 1.8,
      'fwiindex': 1.0,
      'glirr': 277.7,
      'grassfire': 2.0,
      'humidity': 67,
      'isi': 0.8,
      'precipitation_acc': 0.1,
      'rn': 0.0,
      'temperature': 16.0,
      'valid_time': datetime.datetime(2025, 6, 10, 12, 0, tzinfo=datetime.timezone.utc),
      'wind_direction': 157,
      'wind_speed': 2.1,
    }),
    dict({
      'bui': 44.4,
      'dc': 346.0,
      'dmc': 26.5,
      'ffmc': 66.2,
      'forestdry': None,
      'fwi': 1.6,
      'fwiindex': 1.0,
      'glirr': 366.2,
      'grassfire': 2.0,
      'humidity': 63,
      'isi': 0.8,
      'precipitation_acc': 0.1,
      'rn': 0.0,
      'temperature': 15.2,
      'valid_time': datetime.datetime(2025, 6, 10, 13, 0, tzinfo=datetime.timezone.utc),
      'wind_direction': 193,
      'wind_speed': 1.7,
    }),
    dict({
      'bui': 44.4,
      'dc': 346.0,
      'dmc': 26.5,
      'ffmc': 65.1,
      'forestdry': None,
      'fwi': 2.2,
      'fwiindex': 1.0,
      'glirr': 188.7,
      'grassfire': 2.0,
      'humidity': 63,
      'isi': 0.9,
      'precipitation_acc': 0.2,
      'rn': 0.0,
      'temperature': 14.0,
      'valid_time': datetime.datetime(2025, 6, 10, 14, 0, tzinfo=datetime.timezone.utc),
      'wind_direction': 230,
      'wind_speed': 3.0,
    }),
    dict({
      'bui': 44.4,
      'dc': 346.0,
      'dmc': 26.5,
      'ffmc': 63.3,
      'forestdry': None,
      'fwi': 1.4,
      'fwiindex': 1.0,
      'glirr': 175.7,
      'grassfire': 2.0,
      'humidity': 79,
      'isi': 0.7,
      'precipitation_acc': 0.2,
      'rn': 0.0,
      'temperature': 13.7,
      'valid_time': datetime.datetime(2025, 6, 10, 15, 0, tzinfo=datetime.timezone.utc),
      'wind_direction': 312,
      'wind_speed': 2.0,
    }),
    dict({
      'bui': 44.4,
      'dc': 346.0,
      'dmc': 26.5,
      'ffmc': 61.3,
      'forestdry': None,
      'fwi': 0.9,
      'fwiindex': 1.0,
      'glirr': 112.0,
      'grassfire': 2.0,
      'humidity': 82,
      'isi': 0.6,
      'precipitation_acc': 0.2,
      'rn': 0.0,
      'temperature': 13.4,
      'valid_time': datetime.datetime(2025, 6, 10, 16, 0, tzinfo=datetime.timezone.utc),
      'wind_direction': 287,
      'wind_speed': 1.7,
    }),
  ])
# ---
